[20-Feb-2025 06:29:01 Asia/Manila] PHP Warning:  Cannot modify header information - headers already sent by (output started at C:\xampp\htdocs\HemoLink\admin\appointment.php:48) in C:\xampp\htdocs\HemoLink\admin\appointment.php on line 803
[20-Feb-2025 06:29:01 Asia/Manila] PHP Warning:  Cannot modify header information - headers already sent by (output started at C:\xampp\htdocs\HemoLink\admin\appointment.php:48) in C:\xampp\htdocs\HemoLink\admin\appointment.php on line 804
[20-Feb-2025 06:29:44 Asia/Manila] PHP Warning:  Cannot modify header information - headers already sent by (output started at C:\xampp\htdocs\HemoLink\admin\appointment.php:48) in C:\xampp\htdocs\HemoLink\admin\appointment.php on line 803
[20-Feb-2025 06:29:44 Asia/Manila] PHP Warning:  Cannot modify header information - headers already sent by (output started at C:\xampp\htdocs\HemoLink\admin\appointment.php:48) in C:\xampp\htdocs\HemoLink\admin\appointment.php on line 804
[20-Feb-2025 06:32:11 Asia/Manila] PHP Warning:  Cannot modify header information - headers already sent by (output started at C:\xampp\htdocs\HemoLink\admin\appointment.php:48) in C:\xampp\htdocs\HemoLink\admin\appointment.php on line 803
[20-Feb-2025 06:32:11 Asia/Manila] PHP Warning:  Cannot modify header information - headers already sent by (output started at C:\xampp\htdocs\HemoLink\admin\appointment.php:48) in C:\xampp\htdocs\HemoLink\admin\appointment.php on line 804
[20-Feb-2025 06:32:40 Asia/Manila] PHP Warning:  Cannot modify header information - headers already sent by (output started at C:\xampp\htdocs\HemoLink\admin\appointment.php:48) in C:\xampp\htdocs\HemoLink\admin\appointment.php on line 803
[20-Feb-2025 06:32:40 Asia/Manila] PHP Warning:  Cannot modify header information - headers already sent by (output started at C:\xampp\htdocs\HemoLink\admin\appointment.php:48) in C:\xampp\htdocs\HemoLink\admin\appointment.php on line 804
[20-Feb-2025 06:45:03 Asia/Manila] PHP Warning:  Cannot modify header information - headers already sent by (output started at C:\xampp\htdocs\HemoLink\admin\appointment.php:48) in C:\xampp\htdocs\HemoLink\admin\appointment.php on line 810
[20-Feb-2025 06:45:03 Asia/Manila] PHP Warning:  Cannot modify header information - headers already sent by (output started at C:\xampp\htdocs\HemoLink\admin\appointment.php:48) in C:\xampp\htdocs\HemoLink\admin\appointment.php on line 811
[20-Feb-2025 06:55:18 Asia/Manila] PHP Warning:  Cannot modify header information - headers already sent by (output started at C:\xampp\htdocs\HemoLink\admin\appointment.php:48) in C:\xampp\htdocs\HemoLink\admin\appointment.php on line 810
[20-Feb-2025 06:55:18 Asia/Manila] PHP Warning:  Cannot modify header information - headers already sent by (output started at C:\xampp\htdocs\HemoLink\admin\appointment.php:48) in C:\xampp\htdocs\HemoLink\admin\appointment.php on line 811
[20-Feb-2025 09:55:12 Asia/Manila] PHP Warning:  Cannot modify header information - headers already sent by (output started at C:\xampp\htdocs\HemoLink\admin\appointment.php:48) in C:\xampp\htdocs\HemoLink\admin\appointment.php on line 810
[20-Feb-2025 09:55:12 Asia/Manila] PHP Warning:  Cannot modify header information - headers already sent by (output started at C:\xampp\htdocs\HemoLink\admin\appointment.php:48) in C:\xampp\htdocs\HemoLink\admin\appointment.php on line 811
[20-Feb-2025 09:55:55 Asia/Manila] PHP Warning:  Cannot modify header information - headers already sent by (output started at C:\xampp\htdocs\HemoLink\admin\appointment.php:48) in C:\xampp\htdocs\HemoLink\admin\appointment.php on line 810
[20-Feb-2025 09:55:55 Asia/Manila] PHP Warning:  Cannot modify header information - headers already sent by (output started at C:\xampp\htdocs\HemoLink\admin\appointment.php:48) in C:\xampp\htdocs\HemoLink\admin\appointment.php on line 811
[21-Feb-2025 22:24:17 Asia/Manila] PHP Warning:  Cannot modify header information - headers already sent by (output started at C:\xampp\htdocs\HemoLink\admin\appointment.php:48) in C:\xampp\htdocs\HemoLink\admin\appointment.php on line 810
[21-Feb-2025 22:24:17 Asia/Manila] PHP Warning:  Cannot modify header information - headers already sent by (output started at C:\xampp\htdocs\HemoLink\admin\appointment.php:48) in C:\xampp\htdocs\HemoLink\admin\appointment.php on line 811
[21-Feb-2025 22:25:01 Asia/Manila] PHP Warning:  Cannot modify header information - headers already sent by (output started at C:\xampp\htdocs\HemoLink\admin\appointment.php:48) in C:\xampp\htdocs\HemoLink\admin\appointment.php on line 810
[21-Feb-2025 22:25:01 Asia/Manila] PHP Warning:  Cannot modify header information - headers already sent by (output started at C:\xampp\htdocs\HemoLink\admin\appointment.php:48) in C:\xampp\htdocs\HemoLink\admin\appointment.php on line 811
[21-Feb-2025 22:55:03 Asia/Manila] PHP Warning:  Cannot modify header information - headers already sent by (output started at C:\xampp\htdocs\HemoLink\admin\appointment.php:48) in C:\xampp\htdocs\HemoLink\admin\appointment.php on line 810
[21-Feb-2025 22:55:03 Asia/Manila] PHP Warning:  Cannot modify header information - headers already sent by (output started at C:\xampp\htdocs\HemoLink\admin\appointment.php:48) in C:\xampp\htdocs\HemoLink\admin\appointment.php on line 811
[21-Feb-2025 22:59:42 Asia/Manila] PHP Warning:  Cannot modify header information - headers already sent by (output started at C:\xampp\htdocs\HemoLink\admin\appointment.php:48) in C:\xampp\htdocs\HemoLink\admin\appointment.php on line 810
[21-Feb-2025 22:59:42 Asia/Manila] PHP Warning:  Cannot modify header information - headers already sent by (output started at C:\xampp\htdocs\HemoLink\admin\appointment.php:48) in C:\xampp\htdocs\HemoLink\admin\appointment.php on line 811
[21-Feb-2025 23:20:42 Asia/Manila] PHP Warning:  Cannot modify header information - headers already sent by (output started at C:\xampp\htdocs\HemoLink\admin\appointment.php:48) in C:\xampp\htdocs\HemoLink\admin\appointment.php on line 810
[21-Feb-2025 23:20:42 Asia/Manila] PHP Warning:  Cannot modify header information - headers already sent by (output started at C:\xampp\htdocs\HemoLink\admin\appointment.php:48) in C:\xampp\htdocs\HemoLink\admin\appointment.php on line 811
[21-Feb-2025 23:21:08 Asia/Manila] PHP Warning:  Cannot modify header information - headers already sent by (output started at C:\xampp\htdocs\HemoLink\admin\appointment.php:48) in C:\xampp\htdocs\HemoLink\admin\appointment.php on line 810
[21-Feb-2025 23:21:08 Asia/Manila] PHP Warning:  Cannot modify header information - headers already sent by (output started at C:\xampp\htdocs\HemoLink\admin\appointment.php:48) in C:\xampp\htdocs\HemoLink\admin\appointment.php on line 811
[21-Feb-2025 23:21:08 Asia/Manila] Appointment approve Error: No available slots for this schedule
[21-Feb-2025 23:21:14 Asia/Manila] PHP Warning:  Cannot modify header information - headers already sent by (output started at C:\xampp\htdocs\HemoLink\admin\appointment.php:48) in C:\xampp\htdocs\HemoLink\admin\appointment.php on line 810
[21-Feb-2025 23:21:14 Asia/Manila] PHP Warning:  Cannot modify header information - headers already sent by (output started at C:\xampp\htdocs\HemoLink\admin\appointment.php:48) in C:\xampp\htdocs\HemoLink\admin\appointment.php on line 811
[21-Feb-2025 23:21:14 Asia/Manila] Appointment approve Error: No available slots for this schedule
[21-Feb-2025 23:21:58 Asia/Manila] PHP Warning:  Cannot modify header information - headers already sent by (output started at C:\xampp\htdocs\HemoLink\admin\appointment.php:48) in C:\xampp\htdocs\HemoLink\admin\appointment.php on line 810
[21-Feb-2025 23:21:58 Asia/Manila] PHP Warning:  Cannot modify header information - headers already sent by (output started at C:\xampp\htdocs\HemoLink\admin\appointment.php:48) in C:\xampp\htdocs\HemoLink\admin\appointment.php on line 811
[21-Feb-2025 23:21:58 Asia/Manila] Appointment approve Error: No available slots for this schedule
[21-Feb-2025 23:22:00 Asia/Manila] PHP Warning:  Cannot modify header information - headers already sent by (output started at C:\xampp\htdocs\HemoLink\admin\appointment.php:48) in C:\xampp\htdocs\HemoLink\admin\appointment.php on line 810
[21-Feb-2025 23:22:00 Asia/Manila] PHP Warning:  Cannot modify header information - headers already sent by (output started at C:\xampp\htdocs\HemoLink\admin\appointment.php:48) in C:\xampp\htdocs\HemoLink\admin\appointment.php on line 811
[21-Feb-2025 23:22:00 Asia/Manila] Appointment approve Error: No available slots for this schedule
[23-Feb-2025 07:31:19 Asia/Manila] PHP Warning:  Cannot modify header information - headers already sent by (output started at C:\xampp\htdocs\HemoLink\admin\appointment.php:48) in C:\xampp\htdocs\HemoLink\admin\appointment.php on line 810
[23-Feb-2025 07:31:19 Asia/Manila] PHP Warning:  Cannot modify header information - headers already sent by (output started at C:\xampp\htdocs\HemoLink\admin\appointment.php:48) in C:\xampp\htdocs\HemoLink\admin\appointment.php on line 811
[23-Feb-2025 07:32:34 Asia/Manila] PHP Warning:  Cannot modify header information - headers already sent by (output started at C:\xampp\htdocs\HemoLink\admin\appointment.php:48) in C:\xampp\htdocs\HemoLink\admin\appointment.php on line 813
[23-Feb-2025 07:32:34 Asia/Manila] PHP Warning:  Cannot modify header information - headers already sent by (output started at C:\xampp\htdocs\HemoLink\admin\appointment.php:48) in C:\xampp\htdocs\HemoLink\admin\appointment.php on line 814
[23-Feb-2025 07:33:01 Asia/Manila] PHP Warning:  Cannot modify header information - headers already sent by (output started at C:\xampp\htdocs\HemoLink\admin\appointment.php:48) in C:\xampp\htdocs\HemoLink\admin\appointment.php on line 813
[23-Feb-2025 07:33:01 Asia/Manila] PHP Warning:  Cannot modify header information - headers already sent by (output started at C:\xampp\htdocs\HemoLink\admin\appointment.php:48) in C:\xampp\htdocs\HemoLink\admin\appointment.php on line 814
[23-Feb-2025 07:33:25 Asia/Manila] PHP Warning:  Cannot modify header information - headers already sent by (output started at C:\xampp\htdocs\HemoLink\admin\appointment.php:48) in C:\xampp\htdocs\HemoLink\admin\appointment.php on line 813
[23-Feb-2025 07:33:25 Asia/Manila] PHP Warning:  Cannot modify header information - headers already sent by (output started at C:\xampp\htdocs\HemoLink\admin\appointment.php:48) in C:\xampp\htdocs\HemoLink\admin\appointment.php on line 814
[23-Feb-2025 12:31:55 Asia/Manila] PHP Warning:  Cannot modify header information - headers already sent by (output started at C:\xampp\htdocs\HemoLink\admin\appointment.php:48) in C:\xampp\htdocs\HemoLink\admin\appointment.php on line 813
[23-Feb-2025 12:31:55 Asia/Manila] PHP Warning:  Cannot modify header information - headers already sent by (output started at C:\xampp\htdocs\HemoLink\admin\appointment.php:48) in C:\xampp\htdocs\HemoLink\admin\appointment.php on line 814
[23-Feb-2025 13:27:49 Asia/Manila] PHP Warning:  Cannot modify header information - headers already sent by (output started at C:\xampp\htdocs\HemoLink\admin\appointment.php:48) in C:\xampp\htdocs\HemoLink\admin\appointment.php on line 813
[23-Feb-2025 13:27:49 Asia/Manila] PHP Warning:  Cannot modify header information - headers already sent by (output started at C:\xampp\htdocs\HemoLink\admin\appointment.php:48) in C:\xampp\htdocs\HemoLink\admin\appointment.php on line 814
[23-Feb-2025 13:27:56 Asia/Manila] PHP Warning:  Cannot modify header information - headers already sent by (output started at C:\xampp\htdocs\HemoLink\admin\appointment.php:48) in C:\xampp\htdocs\HemoLink\admin\appointment.php on line 813
[23-Feb-2025 13:27:56 Asia/Manila] PHP Warning:  Cannot modify header information - headers already sent by (output started at C:\xampp\htdocs\HemoLink\admin\appointment.php:48) in C:\xampp\htdocs\HemoLink\admin\appointment.php on line 814
[26-Feb-2025 16:26:33 Asia/Manila] PHP Warning:  Cannot modify header information - headers already sent by (output started at C:\xampp\htdocs\HemoLink\admin\appointment.php:48) in C:\xampp\htdocs\HemoLink\admin\appointment.php on line 813
[26-Feb-2025 16:26:33 Asia/Manila] PHP Warning:  Cannot modify header information - headers already sent by (output started at C:\xampp\htdocs\HemoLink\admin\appointment.php:48) in C:\xampp\htdocs\HemoLink\admin\appointment.php on line 814
[26-Feb-2025 16:27:31 Asia/Manila] PHP Warning:  Cannot modify header information - headers already sent by (output started at C:\xampp\htdocs\HemoLink\admin\appointment.php:48) in C:\xampp\htdocs\HemoLink\admin\appointment.php on line 813
[26-Feb-2025 16:27:31 Asia/Manila] PHP Warning:  Cannot modify header information - headers already sent by (output started at C:\xampp\htdocs\HemoLink\admin\appointment.php:48) in C:\xampp\htdocs\HemoLink\admin\appointment.php on line 814
[01-Mar-2025 14:14:50 Asia/Manila] PHP Warning:  Cannot modify header information - headers already sent by (output started at C:\xampp\htdocs\HemoLink\admin\appointment.php:48) in C:\xampp\htdocs\HemoLink\admin\appointment.php on line 813
[01-Mar-2025 14:14:50 Asia/Manila] PHP Warning:  Cannot modify header information - headers already sent by (output started at C:\xampp\htdocs\HemoLink\admin\appointment.php:48) in C:\xampp\htdocs\HemoLink\admin\appointment.php on line 814
[03-Mar-2025 19:06:24 Asia/Manila] PHP Warning:  Cannot modify header information - headers already sent by (output started at C:\xampp\htdocs\HemoLink\admin\appointment.php:48) in C:\xampp\htdocs\HemoLink\admin\appointment.php on line 836
[03-Mar-2025 19:06:24 Asia/Manila] PHP Warning:  Cannot modify header information - headers already sent by (output started at C:\xampp\htdocs\HemoLink\admin\appointment.php:48) in C:\xampp\htdocs\HemoLink\admin\appointment.php on line 837
[04-Mar-2025 10:32:36 Asia/Manila] PHP Warning:  Cannot modify header information - headers already sent by (output started at C:\xampp\htdocs\HemoLink\admin\appointment.php:48) in C:\xampp\htdocs\HemoLink\admin\appointment.php on line 836
[04-Mar-2025 10:32:36 Asia/Manila] PHP Warning:  Cannot modify header information - headers already sent by (output started at C:\xampp\htdocs\HemoLink\admin\appointment.php:48) in C:\xampp\htdocs\HemoLink\admin\appointment.php on line 837
[04-Mar-2025 10:35:58 Asia/Manila] PHP Warning:  Cannot modify header information - headers already sent by (output started at C:\xampp\htdocs\HemoLink\admin\appointment.php:48) in C:\xampp\htdocs\HemoLink\admin\appointment.php on line 836
[04-Mar-2025 10:35:58 Asia/Manila] PHP Warning:  Cannot modify header information - headers already sent by (output started at C:\xampp\htdocs\HemoLink\admin\appointment.php:48) in C:\xampp\htdocs\HemoLink\admin\appointment.php on line 837
[04-Mar-2025 10:36:24 Asia/Manila] PHP Warning:  Cannot modify header information - headers already sent by (output started at C:\xampp\htdocs\HemoLink\admin\appointment.php:48) in C:\xampp\htdocs\HemoLink\admin\appointment.php on line 836
[04-Mar-2025 10:36:24 Asia/Manila] PHP Warning:  Cannot modify header information - headers already sent by (output started at C:\xampp\htdocs\HemoLink\admin\appointment.php:48) in C:\xampp\htdocs\HemoLink\admin\appointment.php on line 837
[04-Mar-2025 13:54:08 Asia/Manila] PHP Warning:  Cannot modify header information - headers already sent by (output started at C:\xampp\htdocs\HemoLink\admin\appointment.php:48) in C:\xampp\htdocs\HemoLink\admin\appointment.php on line 845
[04-Mar-2025 13:54:08 Asia/Manila] PHP Warning:  Cannot modify header information - headers already sent by (output started at C:\xampp\htdocs\HemoLink\admin\appointment.php:48) in C:\xampp\htdocs\HemoLink\admin\appointment.php on line 846
[04-Mar-2025 13:54:35 Asia/Manila] PHP Warning:  Cannot modify header information - headers already sent by (output started at C:\xampp\htdocs\HemoLink\admin\appointment.php:48) in C:\xampp\htdocs\HemoLink\admin\appointment.php on line 845
[04-Mar-2025 13:54:35 Asia/Manila] PHP Warning:  Cannot modify header information - headers already sent by (output started at C:\xampp\htdocs\HemoLink\admin\appointment.php:48) in C:\xampp\htdocs\HemoLink\admin\appointment.php on line 846
[04-Mar-2025 14:49:01 Asia/Manila] PHP Warning:  Cannot modify header information - headers already sent by (output started at C:\xampp\htdocs\HemoLink\admin\appointment.php:48) in C:\xampp\htdocs\HemoLink\admin\appointment.php on line 845
[04-Mar-2025 14:49:01 Asia/Manila] PHP Warning:  Cannot modify header information - headers already sent by (output started at C:\xampp\htdocs\HemoLink\admin\appointment.php:48) in C:\xampp\htdocs\HemoLink\admin\appointment.php on line 846
[04-Mar-2025 15:11:43 Asia/Manila] PHP Warning:  Cannot modify header information - headers already sent by (output started at C:\xampp\htdocs\HemoLink\admin\appointment.php:48) in C:\xampp\htdocs\HemoLink\admin\appointment.php on line 845
[04-Mar-2025 15:11:43 Asia/Manila] PHP Warning:  Cannot modify header information - headers already sent by (output started at C:\xampp\htdocs\HemoLink\admin\appointment.php:48) in C:\xampp\htdocs\HemoLink\admin\appointment.php on line 846
[04-Mar-2025 15:11:49 Asia/Manila] PHP Warning:  Cannot modify header information - headers already sent by (output started at C:\xampp\htdocs\HemoLink\admin\appointment.php:48) in C:\xampp\htdocs\HemoLink\admin\appointment.php on line 845
[04-Mar-2025 15:11:49 Asia/Manila] PHP Warning:  Cannot modify header information - headers already sent by (output started at C:\xampp\htdocs\HemoLink\admin\appointment.php:48) in C:\xampp\htdocs\HemoLink\admin\appointment.php on line 846
[04-Mar-2025 16:08:00 Asia/Manila] PHP Warning:  Cannot modify header information - headers already sent by (output started at C:\xampp\htdocs\HemoLink\admin\appointment.php:48) in C:\xampp\htdocs\HemoLink\admin\appointment.php on line 845
[04-Mar-2025 16:08:00 Asia/Manila] PHP Warning:  Cannot modify header information - headers already sent by (output started at C:\xampp\htdocs\HemoLink\admin\appointment.php:48) in C:\xampp\htdocs\HemoLink\admin\appointment.php on line 846
[04-Mar-2025 16:08:13 Asia/Manila] PHP Warning:  Cannot modify header information - headers already sent by (output started at C:\xampp\htdocs\HemoLink\admin\appointment.php:48) in C:\xampp\htdocs\HemoLink\admin\appointment.php on line 845
[04-Mar-2025 16:08:13 Asia/Manila] PHP Warning:  Cannot modify header information - headers already sent by (output started at C:\xampp\htdocs\HemoLink\admin\appointment.php:48) in C:\xampp\htdocs\HemoLink\admin\appointment.php on line 846
[04-Mar-2025 16:08:27 Asia/Manila] PHP Warning:  Cannot modify header information - headers already sent by (output started at C:\xampp\htdocs\HemoLink\admin\appointment.php:48) in C:\xampp\htdocs\HemoLink\admin\appointment.php on line 845
[04-Mar-2025 16:08:27 Asia/Manila] PHP Warning:  Cannot modify header information - headers already sent by (output started at C:\xampp\htdocs\HemoLink\admin\appointment.php:48) in C:\xampp\htdocs\HemoLink\admin\appointment.php on line 846
[04-Mar-2025 17:52:22 Asia/Manila] PHP Warning:  Cannot modify header information - headers already sent by (output started at C:\xampp\htdocs\HemoLink\admin\appointment.php:103) in C:\xampp\htdocs\HemoLink\admin\appointment.php on line 909
[04-Mar-2025 17:52:22 Asia/Manila] PHP Warning:  Cannot modify header information - headers already sent by (output started at C:\xampp\htdocs\HemoLink\admin\appointment.php:103) in C:\xampp\htdocs\HemoLink\admin\appointment.php on line 910
[04-Mar-2025 18:00:04 Asia/Manila] PHP Warning:  Cannot modify header information - headers already sent by (output started at C:\xampp\htdocs\HemoLink\admin\appointment.php:103) in C:\xampp\htdocs\HemoLink\admin\appointment.php on line 909
[04-Mar-2025 18:00:04 Asia/Manila] PHP Warning:  Cannot modify header information - headers already sent by (output started at C:\xampp\htdocs\HemoLink\admin\appointment.php:103) in C:\xampp\htdocs\HemoLink\admin\appointment.php on line 910
[04-Mar-2025 18:04:13 Asia/Manila] PHP Warning:  Cannot modify header information - headers already sent by (output started at C:\xampp\htdocs\HemoLink\admin\appointment.php:103) in C:\xampp\htdocs\HemoLink\admin\appointment.php on line 909
[04-Mar-2025 18:04:13 Asia/Manila] PHP Warning:  Cannot modify header information - headers already sent by (output started at C:\xampp\htdocs\HemoLink\admin\appointment.php:103) in C:\xampp\htdocs\HemoLink\admin\appointment.php on line 910
[04-Mar-2025 18:10:28 Asia/Manila] PHP Warning:  Cannot modify header information - headers already sent by (output started at C:\xampp\htdocs\HemoLink\admin\appointment.php:103) in C:\xampp\htdocs\HemoLink\admin\appointment.php on line 909
[04-Mar-2025 18:10:28 Asia/Manila] PHP Warning:  Cannot modify header information - headers already sent by (output started at C:\xampp\htdocs\HemoLink\admin\appointment.php:103) in C:\xampp\htdocs\HemoLink\admin\appointment.php on line 910
[04-Mar-2025 18:16:27 Asia/Manila] PHP Warning:  Cannot modify header information - headers already sent by (output started at C:\xampp\htdocs\HemoLink\admin\appointment.php:103) in C:\xampp\htdocs\HemoLink\admin\appointment.php on line 909
[04-Mar-2025 18:16:27 Asia/Manila] PHP Warning:  Cannot modify header information - headers already sent by (output started at C:\xampp\htdocs\HemoLink\admin\appointment.php:103) in C:\xampp\htdocs\HemoLink\admin\appointment.php on line 910
[04-Mar-2025 18:16:27 Asia/Manila] PHP Fatal error:  Uncaught mysqli_sql_exception: Commands out of sync; you can't run this command now in C:\xampp\htdocs\HemoLink\admin\appointment.php:1034
Stack trace:
#0 C:\xampp\htdocs\HemoLink\admin\appointment.php(1034): mysqli->rollback()
#1 {main}
  thrown in C:\xampp\htdocs\HemoLink\admin\appointment.php on line 1034
[04-Mar-2025 18:16:31 Asia/Manila] PHP Warning:  Cannot modify header information - headers already sent by (output started at C:\xampp\htdocs\HemoLink\admin\appointment.php:103) in C:\xampp\htdocs\HemoLink\admin\appointment.php on line 909
[04-Mar-2025 18:16:31 Asia/Manila] PHP Warning:  Cannot modify header information - headers already sent by (output started at C:\xampp\htdocs\HemoLink\admin\appointment.php:103) in C:\xampp\htdocs\HemoLink\admin\appointment.php on line 910
[04-Mar-2025 18:16:31 Asia/Manila] PHP Fatal error:  Uncaught mysqli_sql_exception: Commands out of sync; you can't run this command now in C:\xampp\htdocs\HemoLink\admin\appointment.php:1034
Stack trace:
#0 C:\xampp\htdocs\HemoLink\admin\appointment.php(1034): mysqli->rollback()
#1 {main}
  thrown in C:\xampp\htdocs\HemoLink\admin\appointment.php on line 1034
[04-Mar-2025 18:16:36 Asia/Manila] PHP Warning:  Cannot modify header information - headers already sent by (output started at C:\xampp\htdocs\HemoLink\admin\appointment.php:103) in C:\xampp\htdocs\HemoLink\admin\appointment.php on line 909
[04-Mar-2025 18:16:36 Asia/Manila] PHP Warning:  Cannot modify header information - headers already sent by (output started at C:\xampp\htdocs\HemoLink\admin\appointment.php:103) in C:\xampp\htdocs\HemoLink\admin\appointment.php on line 910
[04-Mar-2025 18:16:36 Asia/Manila] PHP Fatal error:  Uncaught mysqli_sql_exception: Commands out of sync; you can't run this command now in C:\xampp\htdocs\HemoLink\admin\appointment.php:1034
Stack trace:
#0 C:\xampp\htdocs\HemoLink\admin\appointment.php(1034): mysqli->rollback()
#1 {main}
  thrown in C:\xampp\htdocs\HemoLink\admin\appointment.php on line 1034
[04-Mar-2025 18:16:49 Asia/Manila] PHP Warning:  Cannot modify header information - headers already sent by (output started at C:\xampp\htdocs\HemoLink\admin\appointment.php:103) in C:\xampp\htdocs\HemoLink\admin\appointment.php on line 909
[04-Mar-2025 18:16:49 Asia/Manila] PHP Warning:  Cannot modify header information - headers already sent by (output started at C:\xampp\htdocs\HemoLink\admin\appointment.php:103) in C:\xampp\htdocs\HemoLink\admin\appointment.php on line 910
[04-Mar-2025 18:19:10 Asia/Manila] PHP Warning:  Cannot modify header information - headers already sent by (output started at C:\xampp\htdocs\HemoLink\admin\appointment.php:103) in C:\xampp\htdocs\HemoLink\admin\appointment.php on line 909
[04-Mar-2025 18:19:10 Asia/Manila] PHP Warning:  Cannot modify header information - headers already sent by (output started at C:\xampp\htdocs\HemoLink\admin\appointment.php:103) in C:\xampp\htdocs\HemoLink\admin\appointment.php on line 910
[04-Mar-2025 18:19:43 Asia/Manila] PHP Warning:  Cannot modify header information - headers already sent by (output started at C:\xampp\htdocs\HemoLink\admin\appointment.php:103) in C:\xampp\htdocs\HemoLink\admin\appointment.php on line 909
[04-Mar-2025 18:19:43 Asia/Manila] PHP Warning:  Cannot modify header information - headers already sent by (output started at C:\xampp\htdocs\HemoLink\admin\appointment.php:103) in C:\xampp\htdocs\HemoLink\admin\appointment.php on line 910
[04-Mar-2025 18:30:28 Asia/Manila] PHP Warning:  Cannot modify header information - headers already sent by (output started at C:\xampp\htdocs\HemoLink\admin\appointment.php:103) in C:\xampp\htdocs\HemoLink\admin\appointment.php on line 909
[04-Mar-2025 18:30:28 Asia/Manila] PHP Warning:  Cannot modify header information - headers already sent by (output started at C:\xampp\htdocs\HemoLink\admin\appointment.php:103) in C:\xampp\htdocs\HemoLink\admin\appointment.php on line 910
[04-Mar-2025 18:30:52 Asia/Manila] PHP Warning:  Cannot modify header information - headers already sent by (output started at C:\xampp\htdocs\HemoLink\admin\appointment.php:103) in C:\xampp\htdocs\HemoLink\admin\appointment.php on line 909
[04-Mar-2025 18:30:52 Asia/Manila] PHP Warning:  Cannot modify header information - headers already sent by (output started at C:\xampp\htdocs\HemoLink\admin\appointment.php:103) in C:\xampp\htdocs\HemoLink\admin\appointment.php on line 910
[04-Mar-2025 18:35:44 Asia/Manila] PHP Warning:  Cannot modify header information - headers already sent by (output started at C:\xampp\htdocs\HemoLink\admin\appointment.php:103) in C:\xampp\htdocs\HemoLink\admin\appointment.php on line 806
[04-Mar-2025 18:35:44 Asia/Manila] PHP Warning:  Cannot modify header information - headers already sent by (output started at C:\xampp\htdocs\HemoLink\admin\appointment.php:103) in C:\xampp\htdocs\HemoLink\admin\appointment.php on line 807
[04-Mar-2025 18:36:08 Asia/Manila] PHP Warning:  Cannot modify header information - headers already sent by (output started at C:\xampp\htdocs\HemoLink\admin\appointment.php:103) in C:\xampp\htdocs\HemoLink\admin\appointment.php on line 909
[04-Mar-2025 18:36:08 Asia/Manila] PHP Warning:  Cannot modify header information - headers already sent by (output started at C:\xampp\htdocs\HemoLink\admin\appointment.php:103) in C:\xampp\htdocs\HemoLink\admin\appointment.php on line 910
[04-Mar-2025 18:36:44 Asia/Manila] PHP Warning:  Cannot modify header information - headers already sent by (output started at C:\xampp\htdocs\HemoLink\admin\appointment.php:103) in C:\xampp\htdocs\HemoLink\admin\appointment.php on line 806
[04-Mar-2025 18:36:44 Asia/Manila] PHP Warning:  Cannot modify header information - headers already sent by (output started at C:\xampp\htdocs\HemoLink\admin\appointment.php:103) in C:\xampp\htdocs\HemoLink\admin\appointment.php on line 807
[04-Mar-2025 18:38:09 Asia/Manila] PHP Warning:  Cannot modify header information - headers already sent by (output started at C:\xampp\htdocs\HemoLink\admin\appointment.php:103) in C:\xampp\htdocs\HemoLink\admin\appointment.php on line 806
[04-Mar-2025 18:38:09 Asia/Manila] PHP Warning:  Cannot modify header information - headers already sent by (output started at C:\xampp\htdocs\HemoLink\admin\appointment.php:103) in C:\xampp\htdocs\HemoLink\admin\appointment.php on line 807
[04-Mar-2025 18:39:05 Asia/Manila] PHP Warning:  Cannot modify header information - headers already sent by (output started at C:\xampp\htdocs\HemoLink\admin\appointment.php:103) in C:\xampp\htdocs\HemoLink\admin\appointment.php on line 806
[04-Mar-2025 18:39:05 Asia/Manila] PHP Warning:  Cannot modify header information - headers already sent by (output started at C:\xampp\htdocs\HemoLink\admin\appointment.php:103) in C:\xampp\htdocs\HemoLink\admin\appointment.php on line 807
[04-Mar-2025 18:39:14 Asia/Manila] PHP Warning:  Cannot modify header information - headers already sent by (output started at C:\xampp\htdocs\HemoLink\admin\appointment.php:103) in C:\xampp\htdocs\HemoLink\admin\appointment.php on line 909
[04-Mar-2025 18:39:14 Asia/Manila] PHP Warning:  Cannot modify header information - headers already sent by (output started at C:\xampp\htdocs\HemoLink\admin\appointment.php:103) in C:\xampp\htdocs\HemoLink\admin\appointment.php on line 910
[04-Mar-2025 18:43:00 Asia/Manila] PHP Warning:  Cannot modify header information - headers already sent by (output started at C:\xampp\htdocs\HemoLink\admin\appointment.php:103) in C:\xampp\htdocs\HemoLink\admin\appointment.php on line 909
[04-Mar-2025 18:43:00 Asia/Manila] PHP Warning:  Cannot modify header information - headers already sent by (output started at C:\xampp\htdocs\HemoLink\admin\appointment.php:103) in C:\xampp\htdocs\HemoLink\admin\appointment.php on line 910
[04-Mar-2025 18:43:00 Asia/Manila] PHP Warning:  Undefined array key "apponum" in C:\xampp\htdocs\HemoLink\admin\appointment.php on line 990
[04-Mar-2025 18:43:42 Asia/Manila] PHP Warning:  Cannot modify header information - headers already sent by (output started at C:\xampp\htdocs\HemoLink\admin\appointment.php:103) in C:\xampp\htdocs\HemoLink\admin\appointment.php on line 909
[04-Mar-2025 18:43:42 Asia/Manila] PHP Warning:  Cannot modify header information - headers already sent by (output started at C:\xampp\htdocs\HemoLink\admin\appointment.php:103) in C:\xampp\htdocs\HemoLink\admin\appointment.php on line 910
[04-Mar-2025 18:43:42 Asia/Manila] PHP Warning:  Undefined array key "apponum" in C:\xampp\htdocs\HemoLink\admin\appointment.php on line 990
[04-Mar-2025 18:43:59 Asia/Manila] PHP Warning:  Cannot modify header information - headers already sent by (output started at C:\xampp\htdocs\HemoLink\admin\appointment.php:103) in C:\xampp\htdocs\HemoLink\admin\appointment.php on line 909
[04-Mar-2025 18:43:59 Asia/Manila] PHP Warning:  Cannot modify header information - headers already sent by (output started at C:\xampp\htdocs\HemoLink\admin\appointment.php:103) in C:\xampp\htdocs\HemoLink\admin\appointment.php on line 910
[10-Mar-2025 12:16:48 Asia/Manila] PHP Warning:  Cannot modify header information - headers already sent by (output started at C:\xampp\htdocs\HemoLink\admin\appointment.php:103) in C:\xampp\htdocs\HemoLink\admin\appointment.php on line 909
[10-Mar-2025 12:16:48 Asia/Manila] PHP Warning:  Cannot modify header information - headers already sent by (output started at C:\xampp\htdocs\HemoLink\admin\appointment.php:103) in C:\xampp\htdocs\HemoLink\admin\appointment.php on line 910
[10-Mar-2025 12:16:48 Asia/Manila] PHP Warning:  Undefined array key "apponum" in C:\xampp\htdocs\HemoLink\admin\appointment.php on line 990
[03-Apr-2025 20:39:36 Asia/Manila] PHP Warning:  Cannot modify header information - headers already sent by (output started at C:\xampp\htdocs\Mabayuan Health Care\admin\appointment.php:103) in C:\xampp\htdocs\Mabayuan Health Care\admin\appointment.php on line 909
[03-Apr-2025 20:39:36 Asia/Manila] PHP Warning:  Cannot modify header information - headers already sent by (output started at C:\xampp\htdocs\Mabayuan Health Care\admin\appointment.php:103) in C:\xampp\htdocs\Mabayuan Health Care\admin\appointment.php on line 910
[03-Apr-2025 20:39:36 Asia/Manila] PHP Warning:  Undefined array key "apponum" in C:\xampp\htdocs\Mabayuan Health Care\admin\appointment.php on line 990
[03-Apr-2025 20:39:46 Asia/Manila] PHP Warning:  Cannot modify header information - headers already sent by (output started at C:\xampp\htdocs\Mabayuan Health Care\admin\appointment.php:103) in C:\xampp\htdocs\Mabayuan Health Care\admin\appointment.php on line 909
[03-Apr-2025 20:39:46 Asia/Manila] PHP Warning:  Cannot modify header information - headers already sent by (output started at C:\xampp\htdocs\Mabayuan Health Care\admin\appointment.php:103) in C:\xampp\htdocs\Mabayuan Health Care\admin\appointment.php on line 910
[03-Apr-2025 20:41:02 Asia/Manila] PHP Warning:  Cannot modify header information - headers already sent by (output started at C:\xampp\htdocs\Mabayuan Health Care\admin\appointment.php:103) in C:\xampp\htdocs\Mabayuan Health Care\admin\appointment.php on line 909
[03-Apr-2025 20:41:02 Asia/Manila] PHP Warning:  Cannot modify header information - headers already sent by (output started at C:\xampp\htdocs\Mabayuan Health Care\admin\appointment.php:103) in C:\xampp\htdocs\Mabayuan Health Care\admin\appointment.php on line 910
[03-Apr-2025 20:41:02 Asia/Manila] PHP Warning:  Undefined array key "apponum" in C:\xampp\htdocs\Mabayuan Health Care\admin\appointment.php on line 990
[03-Apr-2025 20:41:29 Asia/Manila] PHP Warning:  Cannot modify header information - headers already sent by (output started at C:\xampp\htdocs\Mabayuan Health Care\admin\appointment.php:103) in C:\xampp\htdocs\Mabayuan Health Care\admin\appointment.php on line 909
[03-Apr-2025 20:41:29 Asia/Manila] PHP Warning:  Cannot modify header information - headers already sent by (output started at C:\xampp\htdocs\Mabayuan Health Care\admin\appointment.php:103) in C:\xampp\htdocs\Mabayuan Health Care\admin\appointment.php on line 910
